// Jest Snapshot v1, https://goo.gl/fbAQLP

exports[`should render header correctly 1`] = `
<header
  className="header"
>
  <div
    className="content-container"
  >
    <div
      className="header__content"
    >
      <Link
        className="header__title"
        replace={false}
        to="/dashboard"
      >
        <h1>
          Expensify
        </h1>
      </Link>
      <div
        className="header__actions"
      >
        <NavLink
          activeClassName="is-active"
          ariaCurrent="true"
          className="btn header__actions__item"
          to="/help"
        >
          Help
        </NavLink>
        <button
          className="btn header__actions__item"
          onClick={[Function]}
        >
          Logout
        </button>
      </div>
    </div>
  </div>
</header>
`;
